output:  text2speech.s19
0001                         ;------------------------------------------------------------------
0002                         ; text2speech.asm
0003                         ;------------------------------------------------------------------
0004                         
0005                         ; 7768 ACIA
0006 f400                    DATAA   EQU $F400 ; ACIA(a) Data register
0007 f401                    CTRLA   EQU $F401 ; ACIA(a) Ctrl/Status
0008 f402                    DATAB   EQU $F402 ; ACIA(b) Data register
0009 f403                    CTRLB   EQU $F403 ; ACIA(b) Ctrl/Status
0010                         
0011                         ; MINIMON routines
0012 fc76                    STRING  EQU $FC76 ; Prints a string. The string should follow JSR and be terminated with $FF.
0013 fc89                    GETADD  EQU $FC89 ; Get Address, read 4 digit hex value.
0014 fcc9                    ZOUT    EQU $FCC9 ; Print value in A as 2 hex digits.
0015 fe97                    NEWLINE EQU $FE97 ; Prints a new line.
0016 ff8f                    START   EQU $FF8F ; Restarts MniMon.
0017 fc0f                    PR_A    EQU $FC0F ; Print char in A to ACIA (a)
0018 fd2b                    RD_A    EQU $FD2B ; Read char from A
0019 fd4d                    PRSP    EQU $FD4D ; Print a space
0020 fc31                    BINARY  EQU $FC31 ; Converts ASCII hex digits in A and B to binary?
0021 fc65                    RD_X    EQU $FC65 ; Read 4 hex digits Value from ACIA(a) and put value into X.
0022 fc1d                    VHEX    EQU $FC1D ; Checks that A contains a HEX character
0023 0200                    	    ORG $0200
0024                         
0025                         ; initialise serial port B
0026 0200 86 11              TX2SP   LDAA    #$11    ; 8 Data, No Parity, 2 Stop Bits
0027 0202 b7 f4 03                   STAA    CTRLB   ;   ACIA.A
0028                         
0029                         
0030                         MAINLOOP:
0031                         ; -----------------------------------------------------
0032                         ; Data arrives at port B as four hex characters
0033                         ; -----------------------------------------------------
0034 0205 bd 02 b2                   JSR     RD_XB           ; read 4 hex characters into X
0035 0208 ff 05 a5                   STX     TEMP            ; store X
0036                         
0037                         
0038 020b b6 05 a5                   LDAA    TEMP            ; get fist byte (stones)
0039 020e 27 19                      BEQ     IDLE
0040 0210 81 14                      CMPA    #20             ; more that 20 is too heavey
0041 0212 22 20                      BHI     TOHEAVY         ; say something rude
0042 0214 b6 05 a6                   LDAA    TEMP+1          ; get pounds
0043 0217 81 0d                      CMPA    #13             ; invalid pounds
0044 0219 22 1b                      BHI     ERROR           ; error
0045                         
0046                                 ; all good so output the weight mesage
0047 021b ce 03 36                   LDX     #YOUWEIGH       ; output the 'you weigh' phrase
0048 021e bd 03 04                   JSR     PR_PHRASE       ; output phrase specified in A
0049 0221 fe 05 a5                   LDX     TEMP            ; restore X
0050 0224 bd 02 c0                   JSR     PR_WEIGHT       ; weight back X so output the weight
0051                         
0052 0227 20 0d                      BRA     END
0053                         
0054                         IDLE
0055                                 ;LDAA    #$01            ; load phrase number (PTR)
0056 0229 ce 03 39                   LDX     #MYNAME
0057 022c bd 03 04                   JSR     PR_PHRASE
0058 022f bd 02 f1                   JSR     PR_CRB
0059 0232 20 02                      BRA     END
0060                         
0061                         
0062                         ; -----------------------------------------------------
0063                         ; Over 20 stone so random heavy phrase to ports B
0064                         ; -----------------------------------------------------
0065                         TOHEAVY
0066 0234 20 00                      BRA END
0067                         ERROR
0068                         
0069                         END
0070                                 ; comment message goes here
0071                                 ;LDX     #MYNAME
0072                                 ;JSR     PR_PHRASE
0073 0236 7e 02 05                   JMP     MAINLOOP  ;START   ; all done
0074                         
0075                         
0076                         ;--------------------------------------------------------------
0077                         ; DECIMAL CONVERSION EXAMPLE
0078                         ;--------------------------------------------------------------
0079                                 ;JSR     PR_DEC          ; puts 3 decimal digits in DEC, DEC+1 and DEC+2
0080                                 ;LDAA    DEC+1           ; don't care about the hundreds        ADDA    #$30
0081                                 ;JSR     PR_WORD
0082                                 ;JSR     PR_SPCB
0083                                 ;LDAA    DEC+2
0084                                 ;JSR     PR_WORD
0085                         
0086                         ; -----------------------------------------------------
0087                         ; PR_DEC: Puts 3 decimal digits in DEC, DEC+1 and DEC+2
0088                         ;
0089                         ;       !! ONLY WORKS WITH VALUES BELOW 128 !!
0090                         ; -----------------------------------------------------
0091 0239 5f                 PR_DEC  CLRB            ; Clear B for hundreds
0092                         
0093 023a 81 64              HUND    CMPA    #100    ; 100 or more?
0094                         
0095 023c 2d 05                      BLT     TENS
0096 023e 80 64                      SUBA    #100    ; Sub 100
0097 0240 5c                         INCB            ; Increment hundred counter
0098 0241 20 f7                      BRA     HUND
0099                         
0100 0243 f7 05 a1           TENS    STAB    DEC     ; store the hundreds
0101                         
0102 0246 5f                         CLRB
0103 0247 81 0a              TENS1   CMPA    #10     ; 10 or more?
0104 0249 2d 05                      BLT     UNITS
0105 024b 80 0a                      SUBA    #10     ; Sub 10
0106 024d 5c                         INCB            ; Increment ten counter
0107 024e 20 f7                      BRA     TENS1
0108                         
0109 0250 f7 05 a2           UNITS   STAB    DEC+1
0110 0253 b7 05 a3                   STAA    DEC+2   ; Final remainder is units
0111                         
0112 0256 39                         RTS
0113                         
0114                         
0115                         ; -----------------------------------------------------
0116                         ; Print string FOLLOWING JSR ( terminated by $FF ) to
0117                         ; ACIA(b) and ACIA(b)
0118                         ; -----------------------------------------------------
0119 0257 30                 STRINGB TSX             ; Get loc. of return addr to X
0120 0258 ee 00                      LDX     0,X     ; Get return addr to X
0121 025a 09                         DEX             ; Point to byte before
0122 025b 08                 AGAIN   INX             ; Point to next byte
0123 025c a6 00                      LDAA    0,X     ; Get byte to be printed
0124 025e 81 ff                      CMPA    #$FF    ; End-string ?
0125 0260 27 07                      BEQ     ENDSTR  ; Yes: Go to finish up
0126 0262 bd fc 0f                   JSR     PR_A    ; Print the byte to ACIA(a) (A is maintained)
0127 0265 8d 40                      BSR     PR_B    ; Print the byte to ACIA(b)
0128 0267 20 f2                      BRA     AGAIN   ; Go back for next byte
0129 0269 31                 ENDSTR  INS             ; Clean up stack...
0130 026a 31                         INS             ;  ( pop off the return addr )
0131 026b 6e 01                      JMP     1,X     ; Jump back to caller (RETURN)
0132                         
0133                         ; -----------------------------------------------------
0134                         ; Prints a string pointed to by X
0135                         ; -----------------------------------------------------
0136 026d a6 00              STRINGBX    LDAA    0,X         ; get char
0137 026f 81 ff                          CMPA    #$FF        ; is character NULL?
0138 0271 27 08                          BEQ     DONEB       ; yes, end of string
0139 0273 bd fc 0f                       JSR     PR_A        ; Print the byte to ACIA(a) (A is maintained)
0140 0276 8d 2f                          BSR     PR_B        ; Print the byte to ACIA(b)
0141 0278 08                             INX
0142 0279 20 f2                          BRA     STRINGBX
0143 027b 39                 DONEB       RTS
0144                         
0145                         ; -----------------------------------------------------
0146                         ; Reads a character from ACIA(b) into A
0147                         ; -----------------------------------------------------
0148 027c 7c 05 a4           RD_B    INC     RND         ; simple way to get a random number
0149 027f b6 f4 03                   LDAA    CTRLB       ; Get ACIA.A status byte
0150 0282 85 01                      BITA    #01         ; Is byte ready in DATAb
0151 0284 27 f6                      BEQ     RD_B        ; No: Try again
0152 0286 b6 f4 02                   LDAA    DATAB       ; Get the data byte to A
0153 0289 84 7f                      ANDA    #$7F        ; Mask off parity bit if it exists
0154 028b 39                         RTS                 ; RETURN
0155                         
0156                         ; -----------------------------------------------------
0157                         ;
0158                         ; -----------------------------------------------------
0159 028c 8d ee              ZINB    BSR     RD_B    ; Read a character
0160 028e bd fc 1d                   JSR     VHEX    ; Is it a hex character ?
0161 0291 25 12                      BCS     Z_PRQM  ; No: go to print `?`
0162 0293 b7 05 98                   STAA    T_Q     ; Yes: Save Acc.A
0163 0296 8d e4                      BSR     RD_B    ; Read 2nd character
0164 0298 bd fc 1d                   JSR     VHEX    ; Is it a hex character ?
0165 029b 25 08                      BCS     Z_PRQM  ; No: go to print `?`
0166 029d 16                         TAB             ; Yes: Put it into Acc.B
0167 029e b6 05 98                   LDAA    T_Q     ; Retrieve 1st hex char to Acc.A
0168 02a1 bd fc 31                   JSR     BINARY  ; Convert A:B to binary
0169 02a4 39                         RTS             ; RETURN
0170                         Z_PRQM  ;LDAA    #'?     ; Load `?` into A
0171                                 ;BSR     PR_B    ; Print it
0172 02a5 20 e5                      BRA     ZINB    ; Go back to start of hex input
0173                         
0174                         ; -----------------------------------------------------
0175                         ; Print character in A to ACIA(b)
0176                         ; -----------------------------------------------------
0177 02a7 f6 f4 03           PR_B    LDAB    CTRLB   ; Get ACIA(a) status byte
0178 02aa c5 02                      BITB    #02     ; Is it busy ?
0179 02ac 27 f9                      BEQ     PR_B    ; Yes: Try again
0180 02ae b7 f4 02                   STAA    DATAB   ;  No: Send data
0181 02b1 39                 PRB_END RTS             ; RETURN
0182                         
0183                         ; -----------------------------------------------------
0184                         ; Read 4 hex digits and put value into X
0185                         ; -----------------------------------------------------
0186 02b2 8d d8              RD_XB   BSR     ZINB    ; Read 2 digit hex value into A
0187 02b4 b7 05 99                   STAA    T_Z     ; Save byte (most significant)
0188 02b7 8d d3                      BSR     ZINB    ; Read 2 digit hex value into A
0189 02b9 b7 05 9a                   STAA    T_Z+1   ; Save byte (least significant)
0190 02bc fe 05 99                   LDX     T_Z     ; Load full 4 hex value into X
0191 02bf 39                         RTS             ; RETURN
0192                         
0193                         ; -----------------------------------------------------
0194                         ; Prints the message " n stones n pounds"
0195                         ; place stones in MSB of X and pound in LSB
0196                         ; -----------------------------------------------------
0197                         PR_WEIGHT
0198 02c0 ff 05 9f                   STX     T_W
0199 02c3 b6 05 9f                   LDAA    T_W             ; Load high byte of X into Accumulator A
0200 02c6 bd 03 1a                   JSR     PR_WORD         ; n
0201 02c9 bd 02 e6                   JSR     PR_SPCB
0202 02cc 86 1b                      LDAA    #$1B
0203 02ce bd 03 1a                   JSR     PR_WORD         ; "stones"
0204 02d1 bd 02 e6                   JSR     PR_SPCB
0205 02d4 b6 05 a0                   LDAA    T_W+1            ; Load high byte of X into Accumulator A
0206 02d7 bd 03 1a                   JSR     PR_WORD         ; n
0207 02da 86 1c                      LDAA    #$1C
0208 02dc bd 02 e6                   JSR     PR_SPCB
0209 02df bd 03 1a                   JSR     PR_WORD         ; "pounds"
0210 02e2 bd 02 f1                   JSR     PR_CRB
0211 02e5 39                         RTS
0212                         
0213                         ; -----------------------------------------------------
0214                         ; Prints a space on both consoles (preserves A)
0215                         ; -----------------------------------------------------
0216 02e6 36                 PR_SPCB   PSHA
0217 02e7 86 20                      LDAA    #$20        ; Put space character in A
0218 02e9 bd fc 0f                   JSR     PR_A
0219 02ec bd 02 a7                   JSR     PR_B        ; Print it
0220 02ef 32                         PULA
0221 02f0 39                         RTS                 ; RETURN
0222                         
0223                         ; -----------------------------------------------------
0224                         ; Prints a CRLF on both consoles (preserves A)
0225                         ; -----------------------------------------------------
0226 02f1 36                 PR_CRB  PSHA
0227 02f2 86 0d                      LDAA    #$0D        ; Put CHAR character in A
0228 02f4 bd fc 0f                   JSR     PR_A
0229 02f7 bd 02 a7                   JSR     PR_B        ; Print it
0230 02fa 86 0a                      LDAA    #$0A
0231 02fc bd fc 0f                   JSR     PR_A
0232 02ff bd 02 a7                   JSR     PR_B        ; Print it
0233 0302 32                         PULA
0234 0303 39                         RTS                 ; RETURN
0235                         
0236                         ; -----------------------------------------------------
0237                         ; Outputs a phrase from the value in A
0238                         ; -----------------------------------------------------
0239                         
0240                         PR_PHRASE
0241 0304 a6 00                      LDAA    0,X         ; get word id
0242 0306 08                         INX                 ; point X to next word
0243 0307 ff 05 9d                   STX     T_P         ; store X away
0244 030a 81 00                      CMPA    #0
0245 030c 27 0b                      BEQ     PR_END      ; no more words
0246 030e bd 03 1a                   JSR     PR_WORD     ; print word based on value in A
0247 0311 bd 02 e6                   JSR     PR_SPCB
0248 0314 fe 05 9d                   LDX     T_P        ; recover X
0249                         
0250 0317 20 eb                      BRA     PR_PHRASE   ; next word
0251 0319 39                 PR_END  RTS
0252                         
0253                         
0254                         ;PR_PHRASE_OLD
0255                         ;        INCA
0256                         ;        LDX     #PHRASEPTR  ; load address of phrase ponter
0257                         ;                            ; table
0258                         ;PR_PH1  DECA                ; loop through A times to get
0259                         ;        BEQ     FOUNDP      ;   address of phrase
0260                         ;        INX                 ; move to next address
0261                         ;        INX
0262                         ;        BRA     PR_PH1      ; try again
0263                         ;
0264                         ;FOUNDP  LDAA    0,X         ; transfer addr pointed to by X to memory
0265                         ;        STAA    T_P         ; MSB
0266                         ;        LDAA    1,X         ;
0267                         ;        STAA    T_P+1       ; LSB
0268                         ;PR_PH3  LDX     T_P         ; load X
0269                         ;        LDAA    0,X         ; get word id
0270                         ;        INX                 ; point X to next word
0271                         ;        STX     T_P         ; store X away
0272                         ;        CMPA    #0
0273                         ;        BEQ     PR_PH2      ; no more words
0274                         ;        JSR     PR_WORD     ; print word based on value in A
0275                         ;        JSR     PR_SPCB
0276                         ;        BRA     PR_PH3      ; next word
0277                         ;PR_PH2  RTS
0278                         
0279                         ; -----------------------------------------------------
0280                         ; Outputs a word based on value in A
0281                         ; -----------------------------------------------------
0282 031a 4c                 PR_WORD     INCA
0283 031b ce 05 06                       LDX     #WORDPTR  ; base of offset table
0284 031e 4a                 PR_WORD1    DECA
0285 031f 27 04                          BEQ     FOUNDW
0286 0321 08                             INX                 ; move to next address
0287 0322 08                             INX
0288 0323 26 f9                          BNE     PR_WORD1    ; loop around to retest
0289 0325 a6 00              FOUNDW      LDAA    0,X
0290 0327 b7 05 9b                       STAA    T_X
0291 032a a6 01                          LDAA    1,X
0292 032c b7 05 9c                       STAA    T_X+1
0293 032f fe 05 9b                       LDX     T_X
0294 0332 bd 02 6d                       JSR     STRINGBX
0295 0335 39                             RTS
0296                         
0297                         
0298                         ; -----------------------------------------------------
0299                         ; Phrases (each holds a list of word pointers)
0300                         ; -----------------------------------------------------
0301                         ;All valid weight messages include ...
0302                         ;
0303                         ;   Greeting message (waiting for the weight to settle)
0304                         ;   the weight message
0305                         ;   comment.
0306                         
0307                         ; -----------------------------------------------------
0308                         ; General Phrases
0309                         ; -----------------------------------------------------
0310 0336 15 16 00           YOUWEIGH    FCB $15,$16,$00
0311                         
0312                         ; -----------------------------------------------------
0313                         ; Idle Phrases (90 sec intervals?
0314                         ; -----------------------------------------------------
0315 0339 18 19 17 1a 00     MYNAME      FCB $18,$19,$17,$1A,0
0316 033e 2e 2f 30 31 18 32  DIODESHURT  FCB $2E,$2F,$30,$31,$18,$32,$33,$34,0
     33 34 00
0317 0347 35 17 36 37 00     BORING      FCB $35,$17,$36,$37,0
0318 034c 3b 3c 3d 2f 3e 3f  SMARTER     FCB $3b,$3C,$3D,$2F,$3E,$3F,$40,0
     40 00
0319 0354 20 41 42 43 44 20  CLEVER      FCB $20,$41,$42,$43,$44,$20,$21,$45,$46,$47,0
     21 45 46 47 00
0320                         
0321                         ; it stands for Machine for Analytical Reasoning with Very little Interest and No Enthusiasm
0322                         ; All the diodes on my memory cards hurt.
0323                         ; This is very boring.
0324                         ; Newbear, smarter than the average bear, probably.
0325                         ; I know I don't look it but I am actually quite clever.
0326                         
0327                         ; -----------------------------------------------------
0328                         ; Greetings
0329                         ; -----------------------------------------------------
0330                         ; Bear with me I was just having a nap.
0331                         ; Hello my Name is Marvin.
0332                         ; Please stand still and stop fidgeting.
0333                         
0334                         ; -----------------------------------------------------
0335                         ; Weight < 10 stones
0336                         ; -----------------------------------------------------
0337                         
0338                         
0339                         ; -----------------------------------------------------
0340                         ; Weight >=10 stones < 14 stones
0341                         ; -----------------------------------------------------
0342                         ; thank goodness a normal person
0343                         ; erm, erm, hufflepuff! only kidding
0344                         
0345                         ; -----------------------------------------------------
0346                         ; Weight >= 14 < 20 stones
0347                         ; -----------------------------------------------------
0348                         ; we might need to weigh one foot at a time ha ha ha
0349                         ; which is within the range of a normal fat person.
0350                         ; Maybe eat less pizza ha ha ha
0351                         ; You are quite heavy, I probably should have whispered it
0352                         ; it might sound better in tonnes ha ha ha
0353                         
0354                         ; -----------------------------------------------------
0355                         ; Weight  >= 20 stones
0356                         ; -----------------------------------------------------
0357                         ; You are two heavy please remove all items of clothing and try again.
0358                         ; One at a time please!
0359                         
0360                         ; -----------------------------------------------------
0361                         ; error phrases
0362                         ; -----------------------------------------------------
0363                         ; i am too hot, turn me off
0364                         
0365                         ; -----------------------------------------------------
0366                         ; Word Table, add a pointer to each word in WORDPTR table
0367                         ; -----------------------------------------------------
0368                         WORDTABLE
0369                         
0370                         ; numbers
0371 035f 7a 65 72 6f        WZERO           FCC     "zero"
0372 0363 ff                                 FCB     $FF
0373 0364 6f 6e 65           WONE            FCC     "one"
0374 0367 ff                                 FCB     $FF
0375 0368 74 77 6f           WTWO            FCC     "two"
0376 036b ff                                 FCB     $FF
0377 036c 74 68 72 65 65     WTHREE          FCC     "three"
0378 0371 ff                                 FCB     $FF
0379 0372 66 6f 75 72        WFOUR           FCC     "four"
0380 0376 ff                                 FCB     $FF
0381 0377 66 69 76 65        WFIVE           FCC     "five"
0382 037b ff                                 FCB     $FF
0383 037c 73 69 78           WSIX            FCC     "six"
0384 037f ff                                 FCB     $FF
0385 0380 73 65 76 65 6e     WSEVEN          FCC     "seven"
0386 0385 ff                                 FCB     $FF
0387 0386 65 69 67 68 74     WEIGHT          FCC     "eight"
0388 038b ff                                 FCB     $FF
0389 038c 6e 69 6e 65        WNINE           FCC     "nine"
0390 0390 ff                                 FCB     $FF
0391 0391 74 65 6e           WTEN            FCC     "ten"
0392 0394 ff                                 FCB     $FF
0393 0395 65 6c 65 76 65 6e  WELEVEN         FCC     "eleven"
0394 039b ff                                 FCB     $FF
0395 039c 74 77 65 6c 76 65  WTWELVE         FCC     "twelve"
0396 03a2 ff                                 FCB     $FF
0397 03a3 74 68 69 72 74 65  WTHIRTEEN       FCC     "thirteen"
     65 6e
0398 03ab ff                                 FCB     $FF
0399 03ac 66 6f 75 72 74 65  WFOURTEEN       FCC     "fourteen"
     65 6e
0400 03b4 ff                                 FCB     $FF
0401 03b5 66 69 66 74 65 65  WFIFTEEN        FCC     "fifteen"
     6e
0402 03bc ff                                 FCB     $FF
0403 03bd 73 69 78 74 65 65  WSIXTEEN        FCC     "sixteen"
     6e
0404 03c4 ff                                 FCB     $FF
0405 03c5 73 65 76 65 6e 74  WSEVENTEEN      FCC     "seventeen"
     65 65 6e
0406 03ce ff                                 FCB     $FF
0407 03cf 65 69 67 68 74 65  WEIGHTEEN       FCC     "eighteen"
     65 6e
0408 03d7 ff                                 FCB     $FF
0409 03d8 6e 69 6e 65 74 65  WNINETEEN       FCC     "nineteen"
     65 6e
0410 03e0 ff                                 FCB     $FF
0411 03e1 74 77 65 6e 74 79  WTWENTY         FCC     "twenty"
0412 03e7 ff                                 FCB     $FF
0413                         
0414                         ; general words
0415 03e8 79 6f 75           WYOU            FCC     "you"
0416 03eb ff                                 FCB     $FF
0417 03ec 77 65 69 67 68     WWEIGH          FCC     "weigh"
0418 03f1 ff                                 FCB     $FF
0419 03f2 69 73              WIS             FCC     "is"
0420 03f4 ff                                 FCB     $FF
0421 03f5 6d 79              WMY             FCC     "my"
0422 03f7 ff                                 FCB     $FF
0423 03f8 6e 61 6d 65        WNAME           FCC     "name"
0424 03fc ff                                 FCB     $FF
0425 03fd 6d 61 72 76 69 6e  WMARVIN         FCC     "marvin"
0426 0403 ff                                 FCB     $FF
0427 0404 73 74 6f 6e 65 73  WSTONES         FCC     "stones"
0428 040a ff                                 FCB     $FF
0429 040b 70 6f 75 6e 64 73  WPOUNDS         FCC     "pounds"
0430 0411 ff                                 FCB     $FF
0431 0412 68 61              WHA             FCC     "ha"
0432 0414 ff                                 FCB     $FF
0433 0415 3f                 WQUESTION       FCC     "?"
0434 0416 ff                                 FCB     $FF
0435 0417 21                 WEXCLAMATION    FCC     "!"
0436 0418 ff                                 FCB     $FF
0437 0419 2e                 WFULLTOP        FCC     "."
0438 041a ff                                 FCB     $FF
0439 041b 49                 WI              FCC     "I"
0440 041c ff                                 FCB     $FF
0441 041d 61 6d              WAM             FCC     "am"
0442 041f ff                                 FCB     $FF
0443 0420 61                 WA              FCC     "a"
0444 0421 ff                                 FCB     $FF
0445 0422 6d 61 63 68 69 6e  WMACHINE        FCC     "machine"
     65
0446 0429 ff                                 FCB     $FF
0447 042a 66 6f 72           WFOR            FCC     "for"
0448 042d ff                                 FCB     $FF
0449 042e 61 6e 61 6c 79 74  WANALYTICAL     FCC     "analytical"
     69 63 61 6c
0450 0438 ff                                 FCB     $FF
0451 0439 72 65 61 73 6f 6e  WREASONING      FCC     "reasoning"
     69 6e 67
0452 0442 ff                                 FCB     $FF
0453 0443 77 69 74 68        WWITH           FCC     "with"
0454 0447 ff                                 FCB     $FF
0455 0448 76 65 72 79        WVARIABLE       FCC     "very"
0456 044c ff                                 FCB     $FF
0457 044d 6c 69 74 74 6c 65  WLITTLE         FCC     "little"
0458 0453 ff                                 FCB     $FF
0459 0454 69 6e 74 65 72 65  WINTEREST       FCC     "interest"
     73 74
0460 045c ff                                 FCB     $FF
0461 045d 61 6e 64           WAND            FCC     "and"
0462 0460 ff                                 FCB     $FF
0463 0461 6e 6f              WNO             FCC     "no"
0464 0463 ff                                 FCB     $FF
0465 0464 65 6e 74 68 75 73  WENTHUSIASM     FCC     "enthusiasm"
     69 61 73 6d
0466 046e ff                                 FCB     $FF
0467 046f 61 6c 6c           WALL            FCC     "all"
0468 0472 ff                                 FCB     $FF
0469 0473 74 68 65           WTHE            FCC     "the"
0470 0476 ff                                 FCB     $FF
0471 0477 64 69 6f 64 65 73  WDIODES         FCC     "diodes"
0472 047d ff                                 FCB     $FF
0473 047e 6f 6e              WON             FCC     "on"
0474 0480 ff                                 FCB     $FF
0475 0481 6d 65 6d 6f 72 79  WMEMORY         FCC     "memory"
0476 0487 ff                                 FCB     $FF
0477 0488 63 61 72 64 73     WCARDS          FCC     "cards"
0478 048d ff                                 FCB     $FF
0479 048e 68 75 72 74        WHURT           FCC     "hurt"
0480 0492 ff                                 FCB     $FF
0481 0493 74 68 69 73        WTHIS           FCC     "this"
0482 0497 ff                                 FCB     $FF
0483 0498 76 65 72 79        WVERY           FCC     "very"
0484 049c ff                                 FCB     $FF
0485 049d 62 6f 72 69 6e 67  WBORING         FCC     "boring"
0486 04a3 ff                                 FCB     $FF
0487 04a4 73 68 61 6c 6c     WSHALL          FCC     "shall"
0488 04a9 ff                                 FCB     $FF
0489 04aa 74 65 6c 6c        WTELL           FCC     "tell"
0490 04ae ff                                 FCB     $FF
0491 04af 6a 6f 6b 65        WJOKE           FCC     "joke"
0492 04b3 ff                                 FCB     $FF
0493 04b4 6e 65 77 62 65 61  WNEWBEAR        FCC     "newbear"
     72
0494 04bb ff                                 FCB     $FF
0495 04bc 73 6d 61 72 74 65  WSMARTER        FCC     "smarter"
     72
0496 04c3 ff                                 FCB     $FF
0497 04c4 74 68 61 6e        WTHAN           FCC     "than"
0498 04c8 ff                                 FCB     $FF
0499 04c9 61 76 65 72 61 67  WAVERAGE        FCC     "average"
     65
0500 04d0 ff                                 FCB     $FF
0501 04d1 62 65 61 72        WBEAR           FCC     "bear"
0502 04d5 ff                                 FCB     $FF
0503 04d6 70 72 6f 62 61 62  WPROBABLY       FCC     "probably"
     6c 79
0504 04de ff                                 FCB     $FF
0505 04df 6b 6e 6f 77        WKNOW           FCC     "know"
0506 04e3 ff                                 FCB     $FF
0507 04e4 6c 6f 6f 6b        WLOOK           FCC     "look"
0508 04e8 ff                                 FCB     $FF
0509 04e9 69 74              WIT             FCC     "it"
0510 04eb ff                                 FCB     $FF
0511 04ec 62 75 74           WBUT            FCC     "but"
0512 04ef ff                                 FCB     $FF
0513 04f0 61 63 74 75 61 6c  WACTUALLY       FCC     "actually"
     6c 79
0514 04f8 ff                                 FCB     $FF
0515 04f9 71 75 69 74 65     WQUITE          FCC     "quite"
0516 04fe ff                                 FCB     $FF
0517 04ff 63 6c 65 76 65 72  WCLEVER         FCC     "clever"
0518 0505 ff                                 FCB     $FF
0519                         
0520                         ; -----------------------------------------------------
0521                         ; Word pointer table (max words 256)
0522                         ; Set A to the pointer ID and call PR_WORD
0523                         ; -----------------------------------------------------
0524                         ; add a pointer to words defined in the WORDTABLE
0525                         WORDPTR
0526                         
0527                         ; numbers
0528 0506 03 5f              WP00        FDB WZERO
0529 0508 03 64              WP01        FDB WONE
0530 050a 03 68              WP02        FDB WTWO
0531 050c 03 6c              WP03        FDB WTHREE
0532 050e 03 72              WP04        FDB WFOUR
0533 0510 03 77              WP05        FDB WFIVE
0534 0512 03 7c              WP06        FDB WSIX
0535 0514 03 80              WP07        FDB WSEVEN
0536 0516 03 86              WP08        FDB WEIGHT
0537 0518 03 8c              WP09        FDB WNINE
0538 051a 03 91              WP0A        FDB WTEN
0539 051c 03 95              WP0B        FDB WELEVEN
0540 051e 03 9c              WP0C        FDB WTWELVE
0541 0520 03 a3              WP0D        FDB WTHIRTEEN
0542 0522 03 ac              WP0E        FDB WFOURTEEN
0543 0524 03 b5              WP0F        FDB WFIFTEEN
0544 0526 03 bd              WP10        FDB WSIXTEEN
0545 0528 03 c5              WP11        FDB WSEVENTEEN
0546 052a 03 cf              WP12        FDB WEIGHTEEN
0547 052c 03 d8              WP13        FDB WNINETEEN
0548 052e 03 e1              WP14        FDB WTWENTY
0549                         
0550                         ; general words
0551 0530 03 e8              WP15        FDB WYOU
0552 0532 03 ec              WP16        FDB WWEIGH
0553 0534 03 f2              WP17        FDB WIS
0554 0536 03 f5              WP18        FDB WMY
0555 0538 03 f8              WP19        FDB WNAME
0556 053a 03 fd              WP1A        FDB WMARVIN
0557 053c 04 04              WP1B        FDB WSTONES
0558 053e 04 0b              WP1C        FDB WPOUNDS
0559 0540 04 15              WP1D        FDB WQUESTION
0560 0542 04 17              WP1E        FDB WEXCLAMATION
0561 0544 04 19              WP1F        FDB WFULLTOP
0562 0546 04 1b              WP20        FDB WI
0563 0548 04 1d              WP21        FDB WAM
0564 054a 04 20              WP22        FDB WA
0565 054c 04 22              WP23        FDB WMACHINE
0566 054e 04 2a              WP24        FDB WFOR
0567 0550 04 2e              WP25        FDB WANALYTICAL
0568 0552 04 39              WP26        FDB WREASONING
0569 0554 04 43              WP27        FDB WWITH
0570 0556 04 48              WP28        FDB WVARIABLE
0571 0558 04 4d              WP29        FDB WLITTLE
0572 055a 04 54              WP2A        FDB WINTEREST
0573 055c 04 5d              WP2B        FDB WAND
0574 055e 04 61              WP2C        FDB WNO
0575 0560 04 64              WP2D        FDB WENTHUSIASM
0576 0562 04 6f              WP2E        FDB WALL
0577 0564 04 73              WP2F        FDB WTHE
0578 0566 04 77              WP30        FDB WDIODES
0579 0568 04 7e              WP31        FDB WON
0580 056a 04 81              WP32        FDB WMEMORY
0581 056c 04 88              WP33        FDB WCARDS
0582 056e 04 8e              WP34        FDB WHURT
0583 0570 04 93              WP35        FDB WTHIS
0584 0572 04 98              WP36        FDB WVERY
0585 0574 04 9d              WP37        FDB WBORING
0586 0576 04 a4              WP38        FDB WSHALL
0587 0578 04 aa              WP39        FDB WTELL
0588 057a 04 af              WP3A        FDB WJOKE
0589 057c 04 b4              WP3B        FDB WNEWBEAR
0590 057e 04 bc              WP3C        FDB WSMARTER
0591 0580 04 c4              WP3D        FDB WTHAN
0592 0582 04 c9              WP3E        FDB WAVERAGE
0593 0584 04 d1              WP3F        FDB WBEAR
0594 0586 04 d6              WP40        FDB WPROBABLY
0595 0588 04 df              WP41        FDB WKNOW
0596 058a 04 e4              WP42        FDB WLOOK
0597 058c 04 e9              WP43        FDB WIT
0598 058e 04 ec              WP44        FDB WBUT
0599 0590 04 f0              WP45        FDB WACTUALLY
0600 0592 04 f9              WP46        FDB WQUITE
0601 0594 04 ff              WP47        FDB WCLEVER
0602 0596 04 12              WP48        FDB WHA
0603                         
0604                         ; -----------------------------------------------------
0605                         ; Reserved memory
0606                         ; -----------------------------------------------------
0607                         
0608 0598                    T_Q     RMB     1           ; Temp storage for ZIN
0609 0599                    T_Z     RMB     2           ;   "     "     "  RDX
0610 059b                    T_X     RMB     2           ;   "     "     "  PR_WORD
0611 059d                    T_P     RMB     2           ;   "     "     "  PR_PHRASE
0612 059f                    T_W     RMB     2           ;   "     "     "  PR_WEIGHT
0613 05a1                    DEC     RMB     3           ; for decimal value
0614 05a4                    RND     RMB     1           ; holds a random number (see RD_B
0615 05a5                    TEMP    RMB     2           ; temp var (non subroutine use)
0616                         
0617                         
0618                         
