output:  minimon-2026.s19
0001                         ; ----------------------------------------------------------------------------
0002                         ; Minimon (Jan. 2026)
0003                         ; ----------------------------------------------------------------------------
0004                         ; Original author ACH, Dec. 1978;
0005                         ; ----------------------------------------------------------------------------
0006                         ; This is an updated version of MINIMON with the LOAD and PUNCH commands
0007                         ; replaced for versions that support the Motorola S Record Format (.s19)
0008                         ; files.
0009                         ;
0010                         ; All entry points and source code labels as published in the MINIMON
0011                         ; documentation have been preserved with the exception of the LOAD and PUNCH
0012                         ; commands.
0013                         ;
0014                         ; In order to make space for the additional code required, the ALTER and
0015                         ; OFFSET CALCULATION commands have been removed. This has been justified as
0016                         ; the MODIFY command has very similar functionality to ALTER making ALTER
0017                         ; unnecessary, and the OFFSET CALCULATION routines (commands X and Y) are
0018                         ; rarely used as all cross-assemblers perform these calculations
0019                         ; automatically.
0020                         ;
0021                         ; One other minor change is that the terminal along with any devices sending
0022                         ; S19 format files should be configured for 8 Data Bits, No Parity, 2 Stop
0023                         ; Bits.
0024                         ;
0025                         ; ----------------------------------------------------------------------------
0026                         ; Updated by GlassTTY, Jan. 2026, using code from Motorola's Mikbug.
0027                         ; Thanks to Chris Carter for inspiration and help.
0028                         ; ----------------------------------------------------------------------------
0029                         
0030 f401                    CTRLA   EQU     $F401   ; ACIA.A Ctrl/Status
0031 f403                    CTRLB   EQU     $F403   ; ACIA.B Ctrl/Status
0032 f400                    DATAA   EQU     $F400   ; ACIA.A Data register
0033 f402                    DATAB   EQU     $F402   ; ACIA.B Data register
0034                         
0035                         ; Note:The original 256 bytes of RAM on the CPU board 
0036                         ;  appears at $F000 to $F0FE, with Switches/LEDs at $F0FF
0037                         ;  when a MON1 board is installed
0038                         
0039                         ; Stack goes down from $F0D0
0040 f0d0                    STACK   EQU     $F0D0   ; Top of MINIMON's stack
0041                         
0042                         
0043                         
0044                         ; RAM at $F0D1 to $F0DC appears to be unused
0045                         
0046                         ; 3 bytes reserved for each if NMI and IRQ handling
0047                         ; so an application can write JMP <addr> into those
0048                         ; places if those interrupts are wanted...
0049                         
0050 f0dd                    JNMI    EQU     $F0DD   ; Space for jump to NMI sub.
0051 f0e0                    JIRQ    EQU     $F0E0   ; Space for jump to IRQ sub.
0052                         
0053                         ; -----------------------------------------------------
0054 f0de                            ORG     $F0DE   ; Start of RAM variables
0055                         ; -----------------------------------------------------
0056                         ; Note: Temp storage variables renamed to get T_ prefix
0057                         ;       as some were sharing names with labels or registers
0058                         ;
0059                         ; New additions to support S19 additions
0060 f0de                    d_TW    RMB     2       ;
0061 f0e0                    b_Csum  RMB     1       ;
0062 f0e1                    b_Count RMB     1       ;
0063 f0e2                    b_Temp  RMB     1       ;
0064                         
0065 f0e3                    T_SAVE  RMB     2       ; Temp storage for NEWLINE
0066 f0e5                    T_P     RMB     1       ;   "     "     "  Z,X
0067 f0e6                    T_X     RMB     2       ;   "     "     "  Sub
0068 f0e8                    T_Y     RMB     2       ;   "     "     "  Sub
0069 f0ea                    T_NEW   RMB     2       ;   "     "     "  Block move
0070 f0ec                    T_M     RMB     1       ;   "     "     "  ZOUT
0071 f0ed                    T_TMPX  RMB     2       ;   "     "     "  PRX
0072 f0ef                    T_STRT  RMB     2       ;   "     "     "  GETADDRESS
0073 f0f1                    T_STOP  RMB     2       ;   "     "     "  GETADDRESS
0074 f0f3                    T_Z     RMB     2       ;   "     "     "   . RDX
0075 f0f5                    T_R     RMB     1       ;   "     "     "     PR
0076 f0f6                    T_Q     RMB     1       ;   "     "     "  ZIN,DUMP 
0077 f0f7                    T_ABYT  RMB     2       ;   "     "     "  SET BR.PT.
0078 f0f9                            RMB     2       ;   "     "     "  SET BR.PT.
0079 f0fb                    T_BYTE  RMB     2       ;   "     "     "  SET BR.PT.
0080 f0fd                    PSTACK  RMB     2       ;   "     "     "     SWI etc
0081                         
0082                         ;
0083                         ; -----------------------------------------------------
0084 fc00                            ORG     $FC00   ; Start of ROM based code
0085                         ; -----------------------------------------------------
0086                         ; Read Character from ACIA
0087                         ; FC00
0088                         ; -----------------------------------------------------
0089 fc00 bd fd 2b           RD_CMD  JSR     RD_A    ; Input one character
0090 fc03 27 fb                      BEQ     RD_CMD  ; Ignore paper tape follower
0091 fc05 8d 08                      BSR     PR_A    ; Echo character
0092 fc07 81 2e                      CMPA    #'.     ; Was it a fullstop ?
0093 fc09 26 11                      BNE     PRA_END ;
0094 fc0b 7e ff 8f                   JMP     START   ; Yes: Go to start of MINIMON
0095 fc0e 01                         NOP
0096                         
0097                         ; -----------------------------------------------------
0098                         ; Print character in A
0099                         ; FC0F
0100                         ; -----------------------------------------------------
0101 fc0f f6 f4 01           PR_A    LDAB    CTRLA   ; Get ACIA(a) status byte
0102 fc12 c5 02                      BITB    #02     ; Is it busy ?
0103 fc14 27 f9                      BEQ     PR_A    ; Yes: Try again
0104 fc16 b7 f4 00                   STAA    DATAA   ;  No: Send data
0105 fc19 7c f0 f5                   INC     T_R     ; Characters printed + One
0106 fc1c 39                 PRA_END RTS             ; RETURN
0107                         
0108                         ; -----------------------------------------------------
0109                         ; Check A contains a HEX character,  Set C.bit on fail
0110                         ; FC1D
0111                         ; -----------------------------------------------------
0112 fc1d 81 2f              VHEX    CMPA    #$2F    ; A < 30 ?
0113 fc1f 2f 0e                      BLE     NotHex  ;  not hex
0114 fc21 81 39                      CMPA    #$39    ; A > 39 ?    
0115 fc23 22 02                      BHI     NotNum  ;  Not a Numeral
0116 fc25 0c                 IsHex   CLC             ; It's OK (clear C bit)
0117 fc26 39                         RTS             ; RETURN
0118 fc27 81 40              NotNum  CMPA    #$40    ; A < 41 ?
0119 fc29 2f 04                      BLE     NotHex  ;  not hex
0120 fc2b 81 46                      CMPA    #$46    ; A <= 46
0121 fc2d 2f f6                      BLE     IsHex   ;  then it is hex
0122 fc2f 0d                 NotHex  SEC             ; Set C bit
0123 fc30 39                         RTS             ; RETURN
0124                         
0125                         ; -----------------------------------------------------
0126                         ; Convert A:B to binary
0127                         ; FC31
0128                         ; -----------------------------------------------------
0129 fc31 85 30              BINARY  BITA    #$30    ; Is it a letter ?
0130 fc33 27 0c                      BEQ     LETTA   ; Yes: Got to handle it
0131 fc35 48                 RIDA    ASLA            ;  No: It is a number, so
0132 fc36 48                         ASLA            ;      shift
0133 fc37 48                         ASLA            ;       left
0134 fc38 48                         ASLA            ;        4 bits
0135 fc39 c5 30                      BITB    #$30    ; Is Acc.B a letter ?
0136 fc3b 27 08                      BEQ     LETTB   ; Yes: Go handle it
0137 fc3d c4 0f              RIDB    ANDB    #$0F    ; Clear 4 high bits in Acc.B
0138 fc3f 1b                         ABA             ; Form binary character (A=A+B)
0139 fc40 39                         RTS             ; RETURN
0140 fc41 8b 09              LETTA   ADDA    #$09    ; Make Acc.A a binary
0141 fc43 20 f0                      BRA     RIDA    ;  as before
0142 fc45 cb 09              LETTB   ADDB    #$09    ; Make Acc.B a binary
0143 fc47 20 f4                      BRA     RIDB    ;  as before
0144                         
0145                         ; -----------------------------------------------------
0146                         ; Read a 4 digit HEX value, put result into X
0147                         ; FC49
0148                         ; -----------------------------------------------------
0149 fc49 8d b5              ZIN     BSR     RD_CMD  ; Read a character
0150 fc4b 8d d0                      BSR     VHEX    ; Is it a hex character ?
0151 fc4d 25 10                      BCS     Z_PRQM  ; No: go to print `?`
0152 fc4f b7 f0 f6                   STAA    T_Q     ; Save it
0153 fc52 8d ac                      BSR     RD_CMD  ; Read 2nd character
0154 fc54 8d c7                      BSR     VHEX    ; Is it a hex character ?
0155 fc56 25 07                      BCS     Z_PRQM  ; No: go to print `?`
0156 fc58 16                         TAB             ; Yes: Put it into B
0157 fc59 b6 f0 f6                   LDAA    T_Q     ; Retrieve 1st hex char to A
0158 fc5c 7e fc d8                   JMP     ZIN2    ; S19 version of ZIN is longer
0159 fc5f bd fd 23           Z_PRQM  JSR     PR_QM   ; Print "?"
0160 fc62 7e fc 49                   JMP     ZIN     ; Go back to start of hex input
0161                         
0162                         ; -----------------------------------------------------
0163                         ; Read 4 hex digits and put value into X
0164                         ; FC65
0165                         ; -----------------------------------------------------
0166 fc65 bd fd 4d           RD_X    JSR     PRSP    ; Print a space
0167 fc68 8d df                      BSR     ZIN     ; Read 2 digit hex value into A
0168 fc6a b7 f0 f3                   STAA    T_Z     ; Save byte (most significant)
0169 fc6d 8d da                      BSR     ZIN     ; Read 2 digit hex value into A
0170 fc6f b7 f0 f4                   STAA    T_Z+1   ; Save byte (least significant)
0171 fc72 fe f0 f3                   LDX     T_Z     ; Load full 4 hex value into X
0172 fc75 39                         RTS             ; RETURN
0173                         
0174                         ; -----------------------------------------------------
0175                         ; Print string FOLLOWING JSR ( terminated by $FF )
0176                         ;  IE: It starts at the `return addr` put onto the stack by JSR
0177                         ;  So actual return address needed is past the string
0178                         ; FC76
0179                         ; -----------------------------------------------------
0180 fc76 30                 STRING  TSX             ; Get loc. of return addr to X
0181 fc77 ee 00                      LDX     0,X     ; Get return addr to X
0182 fc79 09                         DEX             ; Point to byte before
0183 fc7a 08                 AGAIN   INX             ; Point to next byte
0184 fc7b a6 00                      LDAA    0,X     ; Get byte to be printed
0185 fc7d 81 ff                      CMPA    #$FF    ; End-string ?
0186 fc7f 27 04                      BEQ     ENDSTR  ; Yes: Go to finish up
0187 fc81 8d 8c                      BSR     PR_A    ; Print the byte
0188 fc83 20 f5                      BRA     AGAIN   ; Go back for next byte
0189 fc85 31                 ENDSTR  INS             ; Clean up stack...
0190 fc86 31                         INS             ;  ( pop off the return addr )
0191 fc87 6e 01                      JMP     1,X     ; Jump back to caller (RETURN)
0192                         
0193                         ; -----------------------------------------------------
0194                         ; FC89
0195                         ; -----------------------------------------------------
0196 fc89 8d eb              GETADD  BSR     STRING  ; Print string...
0197 fc8b 20 53                      FCC     " S"    ;
0198 fc8d ff                         FCB     $FF     ; End-of-string
0199 fc8e 8d d5                      BSR     RD_X    ; Read 4 digit HEX addr value
0200 fc90 ff f0 ef                   STX     T_STRT  ; Save it
0201 fc93 8d e1                      BSR     STRING  ; Print string...
0202 fc95 20 46                      FCC     " F"    ;
0203 fc97 ff                         FCB     $FF     ; End-of-string
0204 fc98 8d cb                      BSR     RD_X    ; Read 4 digit HEX addr value
0205 fc9a ff f0 f1                   STX     T_STOP  ; Save it
0206 fc9d 39                         RTS             ; RETURN
0207                         
0208                         ; -----------------------------------------------------
0209                         ; Convert value in A to 2 x ASCII hex digits in A and B
0210                         ; FC9E
0211                         ; -----------------------------------------------------
0212 fc9e 16                 ASCII   TAB             ; Copy A to B
0213 fc9f 84 f0                      ANDA    #$F0    ; Clear low order 4 bits of A
0214 fca1 44                         LSRA            ; Shift
0215 fca2 44                         LSRA            ;  right
0216 fca3 44                         LSRA            ;   4
0217 fca4 44                         LSRA            ;    bits
0218 fca5 81 09                      CMPA    #$09    ; Letter or number ?
0219 fca7 22 0b                      BHI     SUBT    ; 
0220 fca9 8b 30                      ADDA    #$30    ; Make it an ASCII number
0221 fcab c4 0f              AND     ANDB    #$0F    ; Clear high order bits of B
0222 fcad c1 09                      CMPB    #$09    ; Letter or number ?
0223 fcaf 22 07                      BHI     ADD     ;
0224 fcb1 cb 30                      ADDB    #$30    ; Make it an ASCII number
0225 fcb3 39                         RTS             ; RETURN
0226 fcb4 8b 37              SUBT    ADDA    #$37    ; Make it an ASCI letter
0227 fcb6 20 f3                      BRA     AND     ; Go to process low order value
0228 fcb8 cb 37              ADD     ADDB    #$37    ; Make it an ASII letter
0229 fcba 39                         RTS             ; RETURN
0230                         
0231                         ; -----------------------------------------------------
0232                         ; Print value in X as 4 hex digits
0233                         ; FCBB
0234                         ; -----------------------------------------------------
0235 fcbb ff f0 ed           PRX     STX     T_TMPX  ; Save X
0236 fcbe b6 f0 ed                   LDAA    T_TMPX  ; Get high order byte to A
0237 fcc1 8d 06                      BSR     ZOUT    ; Print A as 2 hex digits
0238 fcc3 b6 f0 ee                   LDAA    T_TMPX+1; Get low order byte to A
0239 fcc6 20 01                      BRA     ZOUT    ; Print A as 2 hex digits
0240 fcc8 01                         NOP
0241                         
0242                         ; -----------------------------------------------------
0243                         ; Print value in A as 2 hex digits, Preserve B
0244                         ; X unchanged by called routines
0245                         ; This is 1 byte shorter that original ZOUT
0246                         ; FCC9
0247                         ; -----------------------------------------------------
0248 fcc9 37                 ZOUT    PSHB            ; Save B to STACK
0249 fcca 36                         PSHA            ; Save A to STACK
0250 fccb 8d d1                      BSR     ASCII   ; Convert A to ASCII in A & B
0251 fccd 37                         PSHB            ; Save B (2nd byte) to STACK
0252 fcce bd fc 0f                   JSR     PR_A    ; Print byte in A
0253 fcd1 32                         PULA            ; Get 2nd byte into A from STACK
0254 fcd2 bd fc 0f                   JSR     PR_A    ; Print byte in A
0255 fcd5 32                         PULA            ; Recover A from STACK
0256 fcd6 33                         PULB            ; Recover B from STACK
0257 fcd7 39                         RTS             ; RETURN
0258                         
0259                         
0260                         ; second part of S19 version of ZIN
0261 fcd8 bd fc 31           ZIN2    JSR     BINARY  ; Convert A:B to binary to A
0262 fcdb 16                         TAB             ; B=A
0263 fcdc fb f0 e0                   ADDB    b_Csum  ; Add this value
0264 fcdf f7 f0 e0                   STAB    b_Csum  ; to the Checksum (for S19)
0265 fce2 39                         RTS             ; RETURN
0266                         
0267                         ; -----------------------------------------------------
0268                         ; S19 format data load : Modded version of Mikbug code
0269                         ; -----------------------------------------------------
0270 fce3                    LOAD    EQU     *       ; L = Load = Input an S19 file
0271 fce3 8d 91                      BSR     STRING
0272 fce5 0d 0a                      FCB     $0D,$0A ; c/r l/f
0273 fce7 ff                         FCB     $FF     ; End-Of-String
0274 fce8 bd fc 00           .sRead  JSR     RD_CMD  ; Read+Echo, test for '.'
0275 fceb 84 7f                      ANDA    #$7F    ; Mask off parity bit if it exists
0276 fced 81 53                      CMPA    #'S     ; Is it `S` ?
0277 fcef 26 f7                      BNE     .sRead  ; No: Keep waiting for `S`
0278 fcf1 bd fc 00                   JSR     RD_CMD  ; Read+Echo, test for '.'
0279 fcf4 81 39                      CMPA    #'9     ; Is it `9` ?  ( `S9` record )
0280 fcf6 26 03                      BNE     .sRead1
0281 fcf8 7e fe b3                   JMP     STERMR  ; handle termination record
0282 fcfb 81 31              .sRead1 CMPA    #'1     ; Is it `1` ?  ( `S1` record )
0283 fcfd 26 e9                      BNE     .sRead  ; No: Wait for next `S`
0284 fcff 7f f0 e0                   CLR     b_Csum  ; Clear checksum
0285 fd02 bd fc 49                   JSR     ZIN     ; Read 2xHex = data.byte count to A
0286 fd05 80 02                      SUBA    #2      ; Subtract 2 (to get bytes left in line)
0287 fd07 b7 f0 e1                   STAA    b_Count ; Store byte count
0288 fd0a bd fc 65                   JSR     RD_X    ; Read 4xHex digit address to X
0289 fd0d bd fc 49           .sDoByt JSR     ZIN     ; Read 2xHex digits, value to A
0290 fd10 7a f0 e1                   DEC     b_Count ; Decrement our byte count
0291 fd13 27 05                      BEQ     .sChk   ; If end-of-line, go look at checksum
0292 fd15 a7 00                      STAA    0,X     ; Save byte where X points
0293 fd17 08                         INX             ; Point X at next byte
0294 fd18 20 f3                      BRA     .sDoByt ; Go get next byte
0295 fd1a 7c f0 e0           .sChk   INC     b_Csum  ; Add 1 to checksum
0296 fd1d 27 c9                      BEQ     .sRead  ; OK: Go read next record
0297 fd1f 8d 02                      BSR     PR_QM   ; Print "?"
0298 fd21 20 27                      BRA     STARTR  ; Go to START
0299                         
0300 fd23 86 3f              PR_QM   LDAA #'?            ; Put '?' character in A
0301 fd25 7e fc 0f                   JMP     PR_A        ; Print it and return via PR_As RTS
0302                         
0303 fd28 01                         NOP
0304 fd29 01                         NOP
0305 fd2a 01                         NOP
0306                         
0307                         ; -----------------------------------------------------
0308                         ; Read byte from ACIA.A to A
0309                         ; FD2B
0310                         ; -----------------------------------------------------
0311 fd2b b6 f4 01           RD_A    LDAA    CTRLA   ; Get ACIA.A status byte
0312 fd2e 85 01                      BITA    #$01    ; Is byte ready in DATAA
0313 fd30 27 f9                      BEQ     RD_A    ; No: Try again
0314 fd32 b6 f4 00                   LDAA    DATAA   ; Get the data byte to A
0315 fd35 39                         RTS             ; RETURN
0316                         
0317                         ; -----------------------------------------------------
0318                         ; FD36
0319                         ; -----------------------------------------------------
0320 fd36 8d 15              REGPRT  BSR     PRSP    ; Print a space
0321 fd38 fe f0 fd                   LDX     PSTACK  ; Point X at user's stack
0322 fd3b 8d 1c                      BSR     PR2     ; Print CC
0323 fd3d 8d 1a                      BSR     PR2     ; Print B
0324 fd3f 8d 18                      BSR     PR2     ; Print A
0325 fd41 8d 10                      BSR     PR4     ; Print X
0326 fd43 8d 0e                      BSR     PR4     ; Print PC
0327 fd45 ce f0 fd                   LDX     #PSTACK ; Point X at stack pointer
0328 fd48 8d 0a                      BSR     PR4X    ; Print stack pointer
0329 fd4a 20 42              STARTR  BRA     STARTB  ; (RETURN) to MINIMON
0330                         
0331 fd4c 01                         NOP
0332                         
0333                         ; -----------------------------------------------------
0334                         ; FD4D
0335                         ; -----------------------------------------------------
0336 fd4d 86 20              PRSP    LDAA    #$20    ; Put space character in A
0337 fd4f bd fc 0f                   JSR     PR_A    ; Print it
0338 fd52 39                         RTS             ; RETURN
0339 fd53 08                 PR4     INX             ; Point X to next character
0340 fd54 a6 00              PR4X    LDAA    0,X     ; Get byte pointed to by X
0341 fd56 bd fc c9                   JSR     ZOUT    ; Print it
0342 fd59 08                 PR2     INX             ; Point X to next character
0343 fd5a a6 00                      LDAA    0,X     ; Get byte pointed to by X
0344 fd5c bd fc c9                   JSR     ZOUT    ; Print it
0345 fd5f 8d ec                      BSR     PRSP    ; Print a space
0346 fd61 39                         RTS             ; RETURN
0347                         
0348                         ; -----------------------------------------------------
0349                         ; FD62
0350                         ; -----------------------------------------------------
0351 fd62 bd fc 89           BLKMOV  JSR     GETADD  ; Prompt for boundary addresses
0352 fd65 bd fc 76                   JSR     STRING  ; Print string...
0353 fd68 20 54 6f                   FCC     " To"   ;
0354 fd6b ff                         FCB     $FF     ; End-of-string
0355 fd6c bd fc 65                   JSR     RD_X    ; Read 4 hex digit value into X
0356 fd6f ff f0 ea                   STX     T_NEW   ; Store it as NEW start address
0357 fd72 ff f0 e6                   STX     T_X     ;   "    "
0358 fd75 fe f0 ef                   LDX     T_STRT  ; Put start address into X
0359 fd78 ff f0 e8                   STX     T_Y     ; Store it
0360 fd7b 8d 59                      BSR     SUB     ; Perform T_X minus T_Y
0361 fd7d 2a 22                      BPL     DOWN    ; Go to Move downwards
0362 fd7f fe f0 f1                   LDX     T_STOP  ; Get the STOP stop address
0363 fd82 08                         INX             ; Add 1 to it
0364 fd83 ff f0 f1                   STX     T_STOP  ; and save it
0365 fd86 fe f0 ef           DO_UP   LDX     T_STRT  ; Get START address
0366 fd89 bc f0 f1                   CPX     T_STOP  ; Compare it with STOP
0367 fd8c 26 02                      BNE     CONT_A  ; Finished ?
0368 fd8e 20 ba              STARTB  BRA     STARTR  ; Yes: back to MINIMON
0369 fd90 a6 00              CONT_A  LDAA    0,X     ; No: Get data
0370 fd92 08                         INX             ; Point X to next `old` address
0371 fd93 ff f0 ef                   STX     T_STRT  ; and store it
0372 fd96 fe f0 ea                   LDX     T_NEW   ; get address of NEW location
0373 fd99 a7 00                      STAA    0,X     ; Store the data at NEW address
0374 fd9b 08                         INX             ; Point X to next `new` address
0375 fd9c ff f0 ea                   STX     T_NEW   ; and store it
0376 fd9f 20 e5                      BRA     DO_UP   ; loop back for next byte
0377 fda1 fe f0 f1           DOWN    LDX     T_STOP  ; Get end address
0378 fda4 ff f0 e6                   STX     T_X     ; Store it
0379 fda7 8d 2d                      BSR     SUB     ; Perform T_X minus T_Y
0380 fda9 bb f0 eb                   ADDA    T_NEW+1 ; Add NEW (low.byte) to A
0381 fdac fb f0 ea                   ADDB    T_NEW   ; Add NEW (high.byte) to B
0382 fdaf b7 f0 eb                   STAA    T_NEW+1 ; Save NEW (low.byte)
0383 fdb2 f7 f0 ea                   STAB    T_NEW   ;         (high.byte)
0384 fdb5 fe f0 ef                   LDX     T_STRT  ; Get START address
0385 fdb8 09                         DEX             ; Subract 1 from X
0386 fdb9 ff f0 ef                   STX     T_STRT  ; Store it
0387 fdbc fe f0 f1           DO_DOWN LDX     T_STOP  ; Get STOP address
0388 fdbf bc f0 ef                   CPX     T_STRT  ; Compare it with START address
0389 fdc2 27 ca                      BEQ     STARTB  ; Effecively `JMP START`
0390 fdc4 a6 00                      LDAA    0,X     ; Get data
0391 fdc6 09                         DEX             ; Subract 1 from X
0392 fdc7 ff f0 f1                   STX     T_STOP  ; Store it
0393 fdca fe f0 ea                   LDX     T_NEW   ; Load NEW loc address into X
0394 fdcd a7 00                      STAA    0,X     ; Store the data as NEW address
0395 fdcf 09                         DEX             ; Point X to next `new` address
0396 fdd0 ff f0 ea                   STX     T_NEW   ; Store it
0397 fdd3 20 e7                      BRA     DO_DOWN ; Loop back for next byte
0398                         
0399 fdd5 01                         NOP
0400                         
0401                         ; -----------------------------------------------------
0402                         ; FDD6
0403                         ; -----------------------------------------------------
0404 fdd6 ce f0 e6           SUB     LDX     #T_X    ; Point X to start of T_X data
0405 fdd9 a6 01                      LDAA    1,X     ; A = T_X (low)
0406 fddb e6 00                      LDAB    0,X     ; B = T_X (high)
0407 fddd a0 03                      SUBA    3,X     ; A = A - T_Y (low)
0408 fddf e2 02                      SBCB    2,X     ; B = B - T_Y (high)
0409 fde1 39                         RTS             ; RETURN
0410                         
0411                         ; -----------------------------------------------------
0412                         ; S format data output : Modded version of Mikbug code
0413                         ; -----------------------------------------------------
0414 fde2 bd fc 89           PUNCH   JSR     GETADD      ; Prompt for "Start:","Stop:"
0415 fde5 fe f0 ef                   LDX     T_STRT     ; Get start address
0416 fde8 ff f0 de                   STX     d_TW        ; save it to work area
0417 fdeb b6 f0 f2           .fOut1  LDAA    T_STOP+1    ; get low order of end address
0418 fdee b0 f0 df                   SUBA    d_TW+1      ; Subtract low order start
0419 fdf1 f6 f0 f1                   LDAB    T_STOP      ; ( carry not affected by LDA )
0420 fdf4 f2 f0 de                   SBCB    d_TW        ; Subtract with Carry
0421 fdf7 26 04                      BNE     .fOut2
0422 fdf9 81 10                      CMPA    #16
0423 fdfb 25 02                      BCS     .fOut3
0424 fdfd 86 0f              .fOut2  LDAA    #15
0425 fdff 8b 04              .fOut3  ADDA    #4
0426 fe01 b7 f0 e1                   STAA    b_Count     ; FRAME COUNT THIS RECORD
0427 fe04 80 03                      SUBA    #3
0428 fe06 b7 f0 e2                   STAA    b_Temp      ; BYTE COUNT THIS RECORD
0429 fe09 bd fc 76                   JSR     STRING      ; Output this string...
0430 fe0c 0d 0a                      FCB     $0D,$0A       ; c/r l/f
0431 fe0e 53 31                      FCB     'S,'1       ; S1
0432 fe10 ff                         FCB     $FF         ; End-Of-String
0433 fe11 5f                         CLRB                ; Clear checksum
0434                         
0435                         ; Output frame count...
0436 fe12 ce f0 e1                   LDX     #b_Count    ; X = Address of Framecount
0437 fe15 bd fe a8                   JSR     .fOutH2    ; O/P byte <-X and inc X
0438                         
0439                         ; Output address...
0440 fe18 ce f0 de                   LDX     #d_TW
0441 fe1b bd fe a8                   JSR     .fOutH2    ; O/P byte <-X and inc X
0442 fe1e bd fe a8                   JSR     .fOutH2    ; O/P byte <-X and inc X
0443                         
0444                         ; Output data...
0445 fe21 fe f0 de                   LDX     d_TW
0446 fe24 bd fe a8           .fOut4  JSR     .fOutH2    ; O/P byte <-X and inc X
0447 fe27 7a f0 e2                   DEC     b_Temp      ; Decrement `bytes left` count
0448 fe2a 26 f8                      BNE     .fOut4      ; Loop back if any left
0449 fe2c ff f0 de                   STX     d_TW
0450 fe2f 53                         COMB
0451 fe30 37                         PSHB
0452 fe31 30                         TSX                 ; X = S + 1
0453 fe32 8d 74                      BSR     .fOutH2    ; PUNCH CHECKSUM
0454 fe34 33                         PULB
0455 fe35 fe f0 de                   LDX     d_TW
0456 fe38 09                         DEX
0457 fe39 bc f0 f1                   CPX     T_STOP
0458 fe3c 26 ad                      BNE     .fOut1
0459 fe3e 7e ff d9                   JMP     STERMS
0460                         
0461 fe41 01                         NOP
0462 fe42 01                         NOP
0463                         
0464                         ; -----------------------------------------------------
0465                         ; FE43
0466                         ; -----------------------------------------------------
0467 fe43 bd fc 65           MODIFY  JSR     RD_X    ; Get address to X
0468 fe46 bd fd 4d           STRT    JSR     PRSP    ; Print a space
0469 fe49 7f f0 f5                   CLR     T_R     ; T_R = 0
0470 fe4c a6 00              PRz     LDAA    0,X     ; Get byte pointed to by X to A
0471 fe4e bd fc c9                   JSR     ZOUT    ; Print it as 2.hex digits
0472 fe51 bd fc 00           WATSIT  JSR     RD_CMD  ; Get command character
0473 fe54 81 20              WHAT    CMPA    #$20    ; Is it a space ?
0474 fe56 26 0c                      BNE     ISSLSH  ; No: go test for slash
0475 fe58 08                 CARYON  INX             ; Increment X
0476 fe59 b6 f0 f5                   LDAA    T_R     ; A = T_R
0477 fe5c 81 16                      CMPA    #$16    ; At end of line ?
0478 fe5e 2f ec                      BLE     PRz     ; No: Loop back to continue
0479 fe60 8d 35              NEW_1   BSR     NEWLINE ; Print c/r l/f nul
0480 fe62 20 e2                      BRA     STRT    ; Loop back (Note: Hex was wrong in doc, E2 instead of E5)
0481                         
0482 fe64 81 2f              ISSLSH  CMPA    #'/     ; Is it a slash ?
0483 fe66 26 03                      BNE     ISCRET  ; No: go test for c/r
0484 fe68 09                         DEX             ; X = X - 1
0485 fe69 20 f5                      BRA     NEW_1   ; Loop back (print newline)
0486                         
0487 fe6b 81 0d              ISCRET  CMPA    #$0D    ; Is it a c/r ?
0488 fe6d 26 03                      BNE     ISHEX   ; No: go test for valid Hex
0489 fe6f 08                         INX             ; X = X + 1
0490 fe70 20 ee                      BRA     NEW_1   ; Loop back (print newline)
0491                         
0492 fe72 bd fc 1d           ISHEX   JSR     VHEX    ; Is it a valid hex character ?
0493 fe75 25 19                      BCS     PRQM    ; No: print `?` and ignore
0494 fe77 b7 f0 f6                   STAA    T_Q     ; T_Q = A : Save it
0495 fe7a bd fc 00                   JSR     RD_CMD  ; Get 2nd character
0496 fe7d bd fc 1d                   JSR     VHEX    ; Is it a valid hex character ?
0497 fe80 25 d2                      BCS     WHAT    ; No: then see what it is
0498 fe82 16                         TAB             ; B = A
0499 fe83 b6 f0 f6                   LDAA    T_Q     ; A = T_Q
0500 fe86 bd fc 31                   JSR     BINARY  ; Convert to binary value
0501 fe89 a7 00                      STAA    0,X     ; Store it
0502 fe8b bd fd 4d                   JSR     PRSP    ; Print a space
0503 fe8e 20 c8                      BRA     CARYON  ; Loop back
0504                         
0505 fe90 86 3f              PRQM    LDAA    #'?     ; Put `?` into A
0506 fe92 bd fc 0f                   JSR     PR_A    ; Print it
0507 fe95 20 ba                      BRA     WATSIT  ; Loop back
0508                         
0509 fe97 ff f0 e3           NEWLINE STX     T_SAVE  ; Save X
0510 fe9a bd fc 76                   JSR     STRING  ; Print string...
0511 fe9d 0d 0a 00                   FCB     $0D,$0A,$00
0512 fea0 ff                         FCB     $FF     ; End-of-string
0513 fea1 fe f0 e3                   LDX     T_SAVE  ; Restore X
0514 fea4 bd fc bb                   JSR     PRX     ; Print X
0515 fea7 39                         RTS             ; RETURN
0516                         
0517 fea8 eb 00              .fOutH2 ADDB    0,X         ; Update checksum
0518 feaa 36                         PSHA                ; Push A to STACK
0519 feab a6 00                      LDAA    0,X         ; Load byte to be o/p
0520 fead bd fc c9                   JSR     ZOUT        ; O/P byte <- X
0521 feb0 32                         PULA                ; Pull A off STACK
0522 feb1 08                         INX                 ; Increment X
0523 feb2 39                         RTS                 ; RETURN
0524                         
0525                         ; Processes the termination record which, if we get here is an S9 record
0526                         ; A will contain the umber of bytes to follow (should be 39h i.e. ASCII '9')
0527                         ; which means there are left to absorb.
0528 feb3 ce 00 08           STERMR      LDX     #8          ; get the number of bytes left in record
0529 feb6 bd fc 00           STERM1      JSR     RD_CMD      ; read and echo from ACIA and ignore
0530 feb9 09                             DEX
0531 feba 26 fa                          BNE     STERM1      ; loop for remaining bytes
0532 febc 7e ff 8f           STARTS      JMP     START
0533                         
0534 febf 01                             NOP
0535 fec0 01                             NOP
0536 fec1 01                             NOP
0537                         
0538                         ; -----------------------------------------------------
0539                         ; FEC2
0540                         ; -----------------------------------------------------
0541 fec2 bd fc 65           GO      JSR     RD_X    ; Get address to X (16.bit)
0542 fec5 bd fc 00                   JSR     RD_CMD  ; Right address ?
0543 fec8 b6 f0 f4                   LDAA    T_Z+1   ; T_Z.low to A
0544 fecb f6 f0 f3                   LDAB    T_Z     ; T_Z.high to B
0545 fece fe f0 fd           GOTO    LDX     PSTACK  ; Callers stack address to X
0546 fed1 a7 07                      STAA    7,X     ; Put new return
0547 fed3 e7 06                      STAB    6,X     ; address on stack
0548 fed5 be f0 fd                   LDS     PSTACK  ; Set up calling programs stack
0549 fed8 3b                         RTI             ; RETURN-FROM-INTERRUPT (SWI)
0550                         
0551                         ; -----------------------------------------------------
0552                         ; FED9
0553                         ; -----------------------------------------------------
0554 fed9 bd fc 00           CONTNU  JSR     RD_CMD  ; Read a byte (test for `.`)
0555 fedc 81 31                      CMPA    #'1     ; Is it `1` ?
0556 fede 26 10                      BNE     IsIt2  ; No: go test for `2`
0557 fee0 fe f0 f7                   LDX     T_ABYT  ; Get address of break.point
0558 fee3 b6 f0 fb                   LDAA    T_BYTE  ; Get saved opcode
0559 fee6 a7 00                      STAA    0,X     ; Put it back in the program
0560 fee8 b6 f0 f8                   LDAA    T_ABYT+1 ; Get address at which
0561 feeb f6 f0 f7                   LDAB    T_ABYT  ;   to re-enter program
0562 feee 20 de                      BRA     GOTO    ; Go to calling program
0563                         
0564 fef0 81 32              IsIt2   CMPA    #'2     ; Is it `2`
0565 fef2 27 03                      BEQ     G_Is2   ; Yes: go process it
0566 fef4 7e ff 8f                   JMP     START   ; No: Return to MINIMON
0567 fef7 fe f0 f9           G_Is2   LDX     T_ABYT+2 ; Get addr. of break.point 2
0568 fefa b6 f0 fc                   LDAA    T_BYTE+1 ; Get old opcode
0569 fefd a7 00                      STAA    0,X      ; Put it back
0570 feff b6 f0 fa                   LDAA    T_ABYT+3 ; Load address to start
0571 ff02 f6 f0 f9                   LDAB    T_ABYT+2 ;  running program at
0572 ff05 20 c7                      BRA     GOTO    ; Run user program
0573                         
0574                         ; -----------------------------------------------------
0575                         ; FF07
0576                         ; -----------------------------------------------------
0577 ff07 bd fc 89           DUMP    JSR     GETADD  ; Prompt for boundary addresses
0578 ff0a fe f0 ef                   LDX     T_STRT  ;
0579 ff0d bd fe 97           D_NEW   JSR     NEWLINE ; Print c/r l/f nul
0580 ff10 86 08                      LDAA    #$08    ;
0581 ff12 b7 f0 f6                   STAA    T_Q     ; T_Q = 8
0582 ff15 09                         DEX             ; X = X - 1
0583 ff16 08                 D_NXT   INX             ; X = X + 1
0584 ff17 bd fd 4d                   JSR     PRSP    ; Print a space
0585 ff1a a6 00                      LDAA    0,X     ; Get a byte
0586 ff1c bd fc c9                   JSR     ZOUT    ; Print it as 2.hex digits
0587 ff1f bc f0 f1                   CPX     T_STOP  ; Finished ?
0588 ff22 26 06                      BNE     D_CNT   ; No: Carry on
0589 ff24 b6 f4 00           D_END   LDAA    DATAA   ; Get a byte from ACIA (clear)
0590 ff27 7e ff 8f                   JMP     START   ; Return to MINIMON
0591 ff2a b6 f4 01           D_CNT   LDAA    CTRLA   ; Read ACIA status
0592 ff2d 85 01                      BITA    #$01    ; Stop dump ?
0593 ff2f 26 f3                      BNE     D_END   ; Yes; go clear ACIA etc
0594 ff31 7a f0 f6                   DEC     T_Q     ; New line needed ?
0595 ff34 26 e0                      BNE     D_NXT   ; No: Loop back
0596 ff36 08                         INX             ; Print next byte
0597 ff37 20 d4                      BRA     D_NEW   ;  on a new line
0598                         
0599                         ; -----------------------------------------------------
0600                         ; FF39
0601                         ; -----------------------------------------------------
0602 ff39 bd fc 00           BRPTSET JSR     RD_CMD  ; Read a byte (test for `.`)
0603 ff3c 81 31                      CMPA    #'1     ; Is it `1` ?
0604 ff3e 26 12                      BNE     Is2b    ; No: go test for `2`
0605 ff40 bd fc 65                   JSR     RD_X    ; Read addr value into X
0606 ff43 a6 00                      LDAA    0,X     ; Get the opcode
0607 ff45 b7 f0 fb                   STAA    T_BYTE  ; Save it
0608 ff48 ff f0 f7                   STX     T_ABYT  ; and the address
0609 ff4b 86 3f              SAME    LDAA    #$3F    ; `SWI` opcode :
0610 ff4d a7 00                      STAA    0,X     ;   set the breakpoint
0611 ff4f 7e ff 8f           ENDB    JMP     START   ; Return to MINIMON
0612 ff52 81 32              Is2b    CMPA    #'2     ; Is it `2` ?
0613 ff54 26 f9                      BNE     ENDB   ; No: Return to MINIMON
0614 ff56 bd fc 65                   JSR     RD_X    ; Read address into X
0615 ff59 a6 00                      LDAA    0,X     ; Get opcode
0616 ff5b b7 f0 fc                   STAA    T_BYTE+1 ; Save it
0617 ff5e ff f0 f9                   STX     T_ABYT+2 ; Save address
0618 ff61 20 e8                      BRA     SAME    ; Set the breakpoint
0619                         
0620                         ; -----------------------------------------------------
0621                         ; FF63
0622                         ; -----------------------------------------------------
0623 ff63 bd fc 76           HEADER  JSR     STRING  ; print string...
0624 ff66 20 43 43                   FCC     " CC"   ;
0625 ff69 20 42 20                   FCC     " B "   ;
0626 ff6c 20 41 20                   FCC     " A "   ;
0627 ff6f 20 20 58                   FCC     "  X"   ;
0628 ff72 20 20 20                   FCC     "   "   ;
0629 ff75 20 50 43                   FCC     " PC"   ;
0630 ff78 20 20 20                   FCC     "   "   ;
0631 ff7b 53 50                      FCC     "SP"    ;
0632 ff7d ff                         FCB     $FF     ; End-of-string
0633 ff7e 20 0f                      BRA     START   ; Return to MINIMON
0634 ff80 01                         NOP
0635                         
0636                         ; -----------------------------------------------------
0637                         ; FF81
0638                         ; -----------------------------------------------------
0639 ff81 8e f0 d0           RESET   LDS     #STACK  ; Set up stack for MINIMON
0640 ff84 86 03                      LDAA    #$03    ; Reset:
0641 ff86 b7 f4 01                   STAA    CTRLA   ;   ACIA.A
0642 ff89 b7 f4 03                   STAA    CTRLB   ;   ACIA.B
0643                         
0644                         ; -----------------------------------------------------
0645                         ; FF8C
0646                         ; -----------------------------------------------------
0647 ff8c bf f0 fd           SWI     STS     PSTACK  ; Save callers stack pointer
0648                         
0649                         ; -----------------------------------------------------
0650                         ; FF8F
0651                         ; -----------------------------------------------------
0652 ff8f 8e f0 d0           START   LDS     #STACK  ; Set up stack for MINMON
0653                                ;LDAA    #$11    ; Set up: 8N2
0654 ff92 86 09                      LDAA    #$09    ; Set up: 7E1
0655 ff94 b7 f4 01                   STAA    CTRLA   ;   ACIA.A
0656 ff97 bd fc 76                   JSR     STRING  ; Print string...
0657 ff9a 0d 0a 00 2a                FCB     $0D,$0A,$00,'*    ; c/r l/f null `*`
0658 ff9e ff                         FCB     $FF     ; End-of-string
0659 ff9f bd fc 00                   JSR     RD_CMD  ; Read a byte (test for `.`)
0660 ffa2 ce ff b8                   LDX     #CMDTAB     ; point to command table
0661 ffa5 e6 00              .CMDLP  LDAB    0,X         ; B = key byte (0 ends table)
0662 ffa7 27 e6                      BEQ     START       ; end of table → default to START
0663 ffa9 11                         CBA                 ; compare A vs B
0664 ffaa 27 05                      BEQ     .FOUND      ; match → dispatch
0665 ffac 08                         INX                 ; skip key
0666 ffad 08                         INX                 ; skip FDB high
0667 ffae 08                         INX                 ; skip FDB low
0668 ffaf 20 f4                      BRA     .CMDLP      ; try next entry
0669                         
0670 ffb1 e6 01              .FOUND  LDAB    1,X        ; B = target high byte (FDB stores high,low)
0671 ffb3 a6 02                      LDAA    2,X        ; A = target low byte
0672 ffb5 36                         PSHA                ; push high first
0673 ffb6 37                         PSHB                ; push low — now low is on top of stack
0674                         ;        WAI
0675 ffb7 39                         RTS                 ; jump to target
0676                         
0677                         ; This can probably be removed...
0678                         ;.DEFAULT JMP     START      ; unknown command → ignore
0679                         
0680                         ; Command table: key, then FDB routine
0681 ffb8 53                 CMDTAB  FCB     'S
0682 ffb9 ff 39                      FDB     BRPTSET
0683 ffbb 48                         FCB     'H
0684 ffbc ff 63                      FDB     HEADER
0685 ffbe 50                         FCB     'P
0686 ffbf fd e2                      FDB     PUNCH
0687 ffc1 4c                         FCB     'L
0688 ffc2 fc e3                      FDB     LOAD
0689 ffc4 52                         FCB     'R
0690 ffc5 fd 36                      FDB     REGPRT
0691 ffc7 42                         FCB     'B
0692 ffc8 fd 62                      FDB     BLKMOV
0693 ffca 4d                         FCB     'M
0694 ffcb fe 43                      FDB     MODIFY
0695 ffcd 47                         FCB     'G
0696 ffce fe c2                      FDB     GO
0697 ffd0 43                         FCB     'C
0698 ffd1 fe d9                      FDB     CONTNU
0699 ffd3 44                         FCB     'D
0700 ffd4 ff 07                      FDB     DUMP
0701 ffd6 00                         FCB     0           ; terminator
0702 ffd7 ff 8f                      FDB     START       ; not used (any value ok after 0)
0703                         
0704                         ; Transmit an address '0000' S9 terminating record
0705 ffd9 bd fc 76           STERMS      JSR     STRING
0706 ffdc 0d 0a                          FCB     $0D,$0A
0707 ffde 53 39 30 33 30 30              FCC     "S9030000FC"
     30 30 46 43
0708 ffe8 ff                             FCB $FF
0709 ffe9 20 a4                          BRA START
0710                         
0711 ffeb 01                             NOP
0712 ffec 01                             NOP
0713 ffed 01                             NOP
0714 ffee 01                             NOP
0715 ffef 01                             NOP
0716 fff0 01                             NOP
0717 fff1 01                             NOP
0718 fff2 01                             NOP
0719 fff3 01                             NOP
0720 fff4 01                             NOP
0721 fff5 01                             NOP
0722 fff6 01                             NOP
0723 fff7 01                             NOP
0724                         
0725                         ; -----------------------------------------------------
0726                         ; Vectors
0727                         ; FFF8
0728                         ; -----------------------------------------------------
0729 fff8 f0 e0                      FDB     JIRQ    ; IRQ
0730 fffa ff 8c                      FDB     SWI     ; SWI
0731 fffc f0 dd                      FDB     JNMI    ; NMI
0732 fffe ff 81                      FDB     RESET   ; Reset
0733                         
0734                         ;       The End
0735                         
